// Jest Snapshot v1, https://goo.gl/fbAQLP

exports[`OSSContributions „Çπ„Éä„ÉÉ„Éó„Ç∑„Éß„ÉÉ„Éà„ÉÜ„Çπ„Éà OSSÊ¥ªÂãï„ÅåÊèèÁîª„Åï„Çå„Çã 1`] = `
<div>
  <div
    style="margin-bottom: 0.2rem;"
  >
    <nav
      class="navbar"
      style="margin: 0px; padding: 0px; background-color: transparent; box-shadow: none; height: inherit;"
    >
      <div
        class="navbar__inner"
      >
        <div
          class="navbar__items"
        >
          <div
            class="navbar__search"
          >
            <input
              class="navbar__search-input"
              maxlength="100"
              type="text"
              value=""
            />
          </div>
          <div
            class="navbar__item"
          >
            31
             ‰ª∂
          </div>
        </div>
        <div
          class="navbar__items navbar__items--right"
        >
          <div
            class="navbar__item"
          >
            <ul
              class="pagination"
              style="margin: 0px;"
            >
              <li
                class="pagination__item"
              >
                <a
                  class="pagination__link"
                  data-mock="LinkMock"
                  href="#"
                  to="#"
                >
                  ¬´
                </a>
              </li>
              <li
                class="pagination__item pagination__item--active"
              >
                <a
                  class="pagination__link"
                  data-mock="LinkMock"
                  href="#"
                  to="#"
                >
                  1
                </a>
              </li>
              <li
                class="pagination__item "
              >
                <a
                  class="pagination__link"
                  data-mock="LinkMock"
                  href="#"
                  to="#"
                >
                  2
                </a>
              </li>
              <li
                class="pagination__item "
              >
                <a
                  class="pagination__link"
                  data-mock="LinkMock"
                  href="#"
                  to="#"
                >
                  3
                </a>
              </li>
              <li
                class="pagination__item"
              >
                <span>
                  ‚Ä¶
                </span>
              </li>
              <li
                class="pagination__item"
              >
                <a
                  class="pagination__link"
                  data-mock="LinkMock"
                  href="#"
                  to="#"
                >
                  ¬ª
                </a>
              </li>
            </ul>
          </div>
        </div>
      </div>
    </nav>
  </div>
  <table
    style="margin: 0px;"
  >
    <thead>
      <tr>
        <th
          style="text-align: center; width: 10%;"
        >
          Êó•‰ªò
        </th>
        <th
          style="text-align: left; width: 40%;"
        >
          „Çø„Ç§„Éà„É´
        </th>
        <th
          style="text-align: left; width: 40%;"
        >
          „É™„Éù„Ç∏„Éà„É™
        </th>
        <th
          style="text-align: left; width: 10%;"
        >
          „Çø„Ç∞
        </th>
      </tr>
    </thead>
    <tbody>
      <tr>
        <td>
          2023/11/9
        </td>
        <td>
          <a
            data-mock="LinkMock"
            href="https://github.com/hashicorp/terraform-provider-aws/pull/34312"
            rel="noopener noreferrer"
            target="_blank"
            to="https://github.com/hashicorp/terraform-provider-aws/pull/34312"
          >
            docs: fix resource id
          </a>
        </td>
        <td>
          <a
            data-mock="LinkMock"
            href="https://github.com/hashicorp/terraform-provider-aws"
            rel="noopener noreferrer"
            target="_blank"
            to="https://github.com/hashicorp/terraform-provider-aws"
          >
            hashicorp/terraform-provider-aws
          </a>
        </td>
        <td>
          <div
            style="display: flex; gap: 0.2rem; flex-wrap: wrap;"
          >
            <span
              class="badge badge--primary"
              style="white-space: nowrap;"
            >
              üìù 
              PR
            </span>
          </div>
        </td>
      </tr>
      <tr>
        <td>
          2023/10/17
        </td>
        <td>
          <a
            data-mock="LinkMock"
            href="https://github.com/aws/aws-eks-best-practices/pull/398"
            rel="noopener noreferrer"
            target="_blank"
            to="https://github.com/aws/aws-eks-best-practices/pull/398"
          >
            fix broken link
          </a>
        </td>
        <td>
          <a
            data-mock="LinkMock"
            href="https://github.com/aws/aws-eks-best-practices"
            rel="noopener noreferrer"
            target="_blank"
            to="https://github.com/aws/aws-eks-best-practices"
          >
            aws/aws-eks-best-practices
          </a>
        </td>
        <td>
          <div
            style="display: flex; gap: 0.2rem; flex-wrap: wrap;"
          >
            <span
              class="badge badge--primary"
              style="white-space: nowrap;"
            >
              üìù 
              PR
            </span>
          </div>
        </td>
      </tr>
      <tr>
        <td>
          2023/9/14
        </td>
        <td>
          <a
            data-mock="LinkMock"
            href="https://github.com/helmfile/helmfile/pull/1019"
            rel="noopener noreferrer"
            target="_blank"
            to="https://github.com/helmfile/helmfile/pull/1019"
          >
            Add diffArgs to helmDefaults
          </a>
        </td>
        <td>
          <a
            data-mock="LinkMock"
            href="https://github.com/helmfile/helmfile"
            rel="noopener noreferrer"
            target="_blank"
            to="https://github.com/helmfile/helmfile"
          >
            helmfile/helmfile
          </a>
        </td>
        <td>
          <div
            style="display: flex; gap: 0.2rem; flex-wrap: wrap;"
          >
            <span
              class="badge badge--primary"
              style="white-space: nowrap;"
            >
              üìù 
              PR
            </span>
          </div>
        </td>
      </tr>
      <tr>
        <td>
          2023/6/17
        </td>
        <td>
          <a
            data-mock="LinkMock"
            href="https://github.com/hashicorp/terraform-provider-aws/pull/27604"
            rel="noopener noreferrer"
            target="_blank"
            to="https://github.com/hashicorp/terraform-provider-aws/pull/27604"
          >
            Add import of \`aws_ses_active_receipt_rule_set\` resource
          </a>
        </td>
        <td>
          <a
            data-mock="LinkMock"
            href="https://github.com/hashicorp/terraform-provider-aws"
            rel="noopener noreferrer"
            target="_blank"
            to="https://github.com/hashicorp/terraform-provider-aws"
          >
            hashicorp/terraform-provider-aws
          </a>
        </td>
        <td>
          <div
            style="display: flex; gap: 0.2rem; flex-wrap: wrap;"
          >
            <span
              class="badge badge--primary"
              style="white-space: nowrap;"
            >
              üìù 
              PR
            </span>
          </div>
        </td>
      </tr>
      <tr>
        <td>
          2023/5/7
        </td>
        <td>
          <a
            data-mock="LinkMock"
            href="https://github.com/ebitengine/ebitengine.org/pull/17"
            rel="noopener noreferrer"
            target="_blank"
            to="https://github.com/ebitengine/ebitengine.org/pull/17"
          >
            add about go run in wsl
          </a>
        </td>
        <td>
          <a
            data-mock="LinkMock"
            href="https://github.com/ebitengine/ebitengine.org"
            rel="noopener noreferrer"
            target="_blank"
            to="https://github.com/ebitengine/ebitengine.org"
          >
            ebitengine/ebitengine.org
          </a>
        </td>
        <td>
          <div
            style="display: flex; gap: 0.2rem; flex-wrap: wrap;"
          >
            <span
              class="badge badge--primary"
              style="white-space: nowrap;"
            >
              üìù 
              PR
            </span>
          </div>
        </td>
      </tr>
      <tr>
        <td>
          2023/3/20
        </td>
        <td>
          <a
            data-mock="LinkMock"
            href="https://github.com/cloudflare/terraform-provider-cloudflare/pull/2298"
            rel="noopener noreferrer"
            target="_blank"
            to="https://github.com/cloudflare/terraform-provider-cloudflare/pull/2298"
          >
            add import \`cloudflare_tunnel_config\`
          </a>
        </td>
        <td>
          <a
            data-mock="LinkMock"
            href="https://github.com/cloudflare/terraform-provider-cloudflare"
            rel="noopener noreferrer"
            target="_blank"
            to="https://github.com/cloudflare/terraform-provider-cloudflare"
          >
            cloudflare/terraform-provider-cloudflare
          </a>
        </td>
        <td>
          <div
            style="display: flex; gap: 0.2rem; flex-wrap: wrap;"
          >
            <span
              class="badge badge--primary"
              style="white-space: nowrap;"
            >
              üìù 
              PR
            </span>
          </div>
        </td>
      </tr>
      <tr>
        <td>
          2023/2/23
        </td>
        <td>
          <a
            data-mock="LinkMock"
            href="https://github.com/FairwindsOps/pluto/pull/457"
            rel="noopener noreferrer"
            target="_blank"
            to="https://github.com/FairwindsOps/pluto/pull/457"
          >
            add: set replacement-available-in to existing version.
          </a>
        </td>
        <td>
          <a
            data-mock="LinkMock"
            href="https://github.com/FairwindsOps/pluto"
            rel="noopener noreferrer"
            target="_blank"
            to="https://github.com/FairwindsOps/pluto"
          >
            FairwindsOps/pluto
          </a>
        </td>
        <td>
          <div
            style="display: flex; gap: 0.2rem; flex-wrap: wrap;"
          >
            <span
              class="badge badge--primary"
              style="white-space: nowrap;"
            >
              üìù 
              PR
            </span>
          </div>
        </td>
      </tr>
      <tr>
        <td>
          2023/2/22
        </td>
        <td>
          <a
            data-mock="LinkMock"
            href="https://github.com/FairwindsOps/pluto/pull/452"
            rel="noopener noreferrer"
            target="_blank"
            to="https://github.com/FairwindsOps/pluto/pull/452"
          >
            add replacement-available-in
          </a>
        </td>
        <td>
          <a
            data-mock="LinkMock"
            href="https://github.com/FairwindsOps/pluto"
            rel="noopener noreferrer"
            target="_blank"
            to="https://github.com/FairwindsOps/pluto"
          >
            FairwindsOps/pluto
          </a>
        </td>
        <td>
          <div
            style="display: flex; gap: 0.2rem; flex-wrap: wrap;"
          >
            <span
              class="badge badge--primary"
              style="white-space: nowrap;"
            >
              üìù 
              PR
            </span>
          </div>
        </td>
      </tr>
      <tr>
        <td>
          2023/2/4
        </td>
        <td>
          <a
            data-mock="LinkMock"
            href="https://github.com/FairwindsOps/pluto/pull/448"
            rel="noopener noreferrer"
            target="_blank"
            to="https://github.com/FairwindsOps/pluto/pull/448"
          >
            fix: add removed-in to storage.k8s.io/v1beta1.CSIStorageCapacity
          </a>
        </td>
        <td>
          <a
            data-mock="LinkMock"
            href="https://github.com/FairwindsOps/pluto"
            rel="noopener noreferrer"
            target="_blank"
            to="https://github.com/FairwindsOps/pluto"
          >
            FairwindsOps/pluto
          </a>
        </td>
        <td>
          <div
            style="display: flex; gap: 0.2rem; flex-wrap: wrap;"
          >
            <span
              class="badge badge--primary"
              style="white-space: nowrap;"
            >
              üìù 
              PR
            </span>
          </div>
        </td>
      </tr>
      <tr>
        <td>
          2023/2/2
        </td>
        <td>
          <a
            data-mock="LinkMock"
            href="https://github.com/argoproj/argo-workflows/pull/10421"
            rel="noopener noreferrer"
            target="_blank"
            to="https://github.com/argoproj/argo-workflows/pull/10421"
          >
            fix: add message when parse of private key fails due to existing sso secret. Fixes #10420
          </a>
        </td>
        <td>
          <a
            data-mock="LinkMock"
            href="https://github.com/argoproj/argo-workflows"
            rel="noopener noreferrer"
            target="_blank"
            to="https://github.com/argoproj/argo-workflows"
          >
            argoproj/argo-workflows
          </a>
        </td>
        <td>
          <div
            style="display: flex; gap: 0.2rem; flex-wrap: wrap;"
          >
            <span
              class="badge badge--primary"
              style="white-space: nowrap;"
            >
              üìù 
              PR
            </span>
          </div>
        </td>
      </tr>
    </tbody>
  </table>
</div>
`;
