// Jest Snapshot v1, https://goo.gl/fbAQLP

exports[`ProfileImages スナップショットテスト プロフィール画像が描画される 1`] = `
<div>
  <div
    class="avatar"
  >
    <a
      class="avatar__photo-link avatar__photo avatar__photo--lg"
      href="test-file-stub"
      target="_blank"
    >
      <img
        alt="アバター画像"
        src="test-file-stub"
        title="アバター画像"
      />
    </a>
    <a
      class="avatar__photo-link avatar__photo avatar__photo--lg"
      href="test-file-stub"
      target="_blank"
    >
      <img
        alt="アバター画像"
        src="test-file-stub"
        title="アバター画像"
      />
    </a>
    <div
      class="avatar__intro"
    >
      <div
        class="avatar__name"
      />
      <small
        class="avatar__subtitle"
      />
    </div>
  </div>
</div>
`;
